Attacking with the following parameters:
Attacker Name: bert-base-uncased
Target Model: defult
JSON File: /usa/taikun/07_transencoder/attack-genai/eva_0505_090001_bert-base-uncased_defult_10_100_3.json
Attacking with the following parameters:
Attacker Name: bert-base-uncased
Target Model: defult
JSON File: /usa/taikun/07_transencoder/attack-genai/eva_0505_090001_bert-base-uncased_defult_10_150_3.json
Attacking with the following parameters:
Attacker Name: bert-base-uncased
Target Model: defult
JSON File: /usa/taikun/07_transencoder/attack-genai/eva_0505_090001_bert-base-uncased_defult_10_200_3.json
Attacking with the following parameters:
Attacker Name: bert-base-uncased
Target Model: defult
JSON File: /usa/taikun/07_transencoder/attack-genai/eva_0505_090001_bert-base-uncased_defult_10_250_3.json
Attacking with the following parameters:
Attacker Name: bert-base-uncased
Target Model: defult
JSON File: /usa/taikun/07_transencoder/attack-genai/eva_0505_090001_bert-base-uncased_defult_10_300_3.json
Attacking with the following parameters:
Attacker Name: bert-base-uncased
Target Model: defult
JSON File: /usa/taikun/07_transencoder/attack-genai/eva_0505_120001_bert-base-uncased_defult_10_100_3.json
Attacking with the following parameters:
Attacker Name: bert-base-uncased
Target Model: defult
JSON File: /usa/taikun/07_transencoder/attack-genai/eva_0505_120001_bert-base-uncased_defult_10_150_3.json
Attacking with the following parameters:
Attacker Name: bert-base-uncased
Target Model: defult
JSON File: /usa/taikun/07_transencoder/attack-genai/eva_0505_120001_bert-base-uncased_defult_10_200_3.json
Attacking with the following parameters:
Attacker Name: bert-base-uncased
Target Model: defult
JSON File: /usa/taikun/07_transencoder/attack-genai/eva_0505_120001_bert-base-uncased_defult_10_250_3.json
Attacking with the following parameters:
Attacker Name: bert-base-uncased
Target Model: defult
JSON File: /usa/taikun/07_transencoder/attack-genai/eva_0505_120001_bert-base-uncased_defult_10_300_3.json
Attacking with the following parameters:
Attacker Name: bert-base-uncased
Target Model: defult
JSON File: /usa/taikun/07_transencoder/attack-genai/eva_0505_150001_bert-base-uncased_defult_10_100_3.json
Attacking with the following parameters:
Attacker Name: bert-base-uncased
Target Model: defult
JSON File: /usa/taikun/07_transencoder/attack-genai/eva_0505_150001_bert-base-uncased_defult_10_150_3.json
Attacking with the following parameters:
Attacker Name: bert-base-uncased
Target Model: defult
JSON File: /usa/taikun/07_transencoder/attack-genai/eva_0505_150001_bert-base-uncased_defult_10_200_3.json
Attacking with the following parameters:
Attacker Name: bert-base-uncased
Target Model: defult
JSON File: /usa/taikun/07_transencoder/attack-genai/eva_0505_150001_bert-base-uncased_defult_10_250_3.json
Attacking with the following parameters:
Attacker Name: bert-base-uncased
Target Model: defult
JSON File: /usa/taikun/07_transencoder/attack-genai/eva_0505_150001_bert-base-uncased_defult_10_300_3.json
Attacking with the following parameters:
Attacker Name: bert-base-uncased
Target Model: defult
JSON File: /usa/taikun/07_transencoder/attack-genai/eva_0505_180001_bert-base-uncased_defult_10_100_3.json
Attacking with the following parameters:
Attacker Name: bert-base-uncased
Target Model: defult
JSON File: /usa/taikun/07_transencoder/attack-genai/eva_0505_180001_bert-base-uncased_defult_10_150_3.json
Attacking with the following parameters:
Attacker Name: bert-base-uncased
Target Model: defult
JSON File: /usa/taikun/07_transencoder/attack-genai/eva_0505_180001_bert-base-uncased_defult_10_200_3.json
Attacking with the following parameters:
Attacker Name: bert-base-uncased
Target Model: defult
JSON File: /usa/taikun/07_transencoder/attack-genai/eva_0505_180001_bert-base-uncased_defult_10_250_3.json
Attacking with the following parameters:
Attacker Name: bert-base-uncased
Target Model: defult
JSON File: /usa/taikun/07_transencoder/attack-genai/eva_0505_180001_bert-base-uncased_defult_10_300_3.json
Attacking with the following parameters:
Attacker Name: bert-base-uncased
Target Model: defult
JSON File: /usa/taikun/07_transencoder/attack-genai/eva_0505_210001_bert-base-uncased_defult_10_100_3.json
Attacking with the following parameters:
Attacker Name: bert-base-uncased
Target Model: defult
JSON File: /usa/taikun/07_transencoder/attack-genai/eva_0505_210001_bert-base-uncased_defult_10_150_3.json
Attacking with the following parameters:
Attacker Name: bert-base-uncased
Target Model: defult
JSON File: /usa/taikun/07_transencoder/attack-genai/eva_0505_210001_bert-base-uncased_defult_10_200_3.json
Attacking with the following parameters:
Attacker Name: bert-base-uncased
Target Model: defult
JSON File: /usa/taikun/07_transencoder/attack-genai/eva_0505_210001_bert-base-uncased_defult_10_250_3.json
Attacking with the following parameters:
Attacker Name: bert-base-uncased
Target Model: defult
JSON File: /usa/taikun/07_transencoder/attack-genai/eva_0505_210001_bert-base-uncased_defult_10_300_3.json
Attacking with the following parameters:
Attacker Name: bert-base-uncased
Target Model: defult
JSON File: /usa/taikun/07_transencoder/attack-genai/eva_0506_000001_bert-base-uncased_defult_10_100_3.json
Attacking with the following parameters:
Attacker Name: bert-base-uncased
Target Model: defult
JSON File: /usa/taikun/07_transencoder/attack-genai/eva_0506_000001_bert-base-uncased_defult_10_150_3.json
Attacking with the following parameters:
Attacker Name: bert-base-uncased
Target Model: defult
JSON File: /usa/taikun/07_transencoder/attack-genai/eva_0506_000001_bert-base-uncased_defult_10_200_3.json
Attacking with the following parameters:
Attacker Name: bert-base-uncased
Target Model: defult
JSON File: /usa/taikun/07_transencoder/attack-genai/eva_0506_000001_bert-base-uncased_defult_10_250_3.json
Attacking with the following parameters:
Attacker Name: bert-base-uncased
Target Model: defult
JSON File: /usa/taikun/07_transencoder/attack-genai/eva_0506_000001_bert-base-uncased_defult_10_300_3.json
Attacking with the following parameters:
Attacker Name: bert-base-uncased
Target Model: defult
JSON File: /usa/taikun/07_transencoder/attack-genai/eva_0506_030002_bert-base-uncased_defult_10_100_3.json
Attacking with the following parameters:
Attacker Name: bert-base-uncased
Target Model: defult
JSON File: /usa/taikun/07_transencoder/attack-genai/eva_0506_030002_bert-base-uncased_defult_10_150_3.json
Attacking with the following parameters:
Attacker Name: bert-base-uncased
Target Model: defult
JSON File: /usa/taikun/07_transencoder/attack-genai/eva_0506_030002_bert-base-uncased_defult_10_200_3.json
Attacking with the following parameters:
Attacker Name: bert-base-uncased
Target Model: defult
JSON File: /usa/taikun/07_transencoder/attack-genai/eva_0506_030002_bert-base-uncased_defult_10_250_3.json
Attacking with the following parameters:
Attacker Name: bert-base-uncased
Target Model: defult
JSON File: /usa/taikun/07_transencoder/attack-genai/eva_0506_030002_bert-base-uncased_defult_10_300_3.json
Attacking with the following parameters:
Attacker Name: bert-base-uncased
Target Model: defult
JSON File: /usa/taikun/07_transencoder/attack-genai/eva_0506_060001_bert-base-uncased_defult_10_100_3.json
Attacking with the following parameters:
Attacker Name: bert-base-uncased
Target Model: defult
JSON File: /usa/taikun/07_transencoder/attack-genai/eva_0506_060001_bert-base-uncased_defult_10_150_3.json
Attacking with the following parameters:
Attacker Name: bert-base-uncased
Target Model: defult
JSON File: /usa/taikun/07_transencoder/attack-genai/eva_0506_060001_bert-base-uncased_defult_10_200_3.json
Attacking with the following parameters:
Attacker Name: bert-base-uncased
Target Model: defult
JSON File: /usa/taikun/07_transencoder/attack-genai/eva_0506_060001_bert-base-uncased_defult_10_250_3.json
Attacking with the following parameters:
Attacker Name: bert-base-uncased
Target Model: defult
JSON File: /usa/taikun/07_transencoder/attack-genai/eva_0506_060001_bert-base-uncased_defult_10_300_3.json
Attacking with the following parameters:
Attacker Name: bert-base-uncased
Target Model: defult
JSON File: /usa/taikun/07_transencoder/attack-genai/eva_0506_090001_bert-base-uncased_defult_10_100_3.json
Attacking with the following parameters:
Attacker Name: bert-base-uncased
Target Model: defult
JSON File: /usa/taikun/07_transencoder/attack-genai/eva_0506_090001_bert-base-uncased_defult_10_150_3.json
Attacking with the following parameters:
Attacker Name: bert-base-uncased
Target Model: defult
JSON File: /usa/taikun/07_transencoder/attack-genai/eva_0506_090001_bert-base-uncased_defult_10_200_3.json
Attacking with the following parameters:
Attacker Name: bert-base-uncased
Target Model: defult
JSON File: /usa/taikun/07_transencoder/attack-genai/eva_0506_090001_bert-base-uncased_defult_10_250_3.json
Attacking with the following parameters:
Attacker Name: bert-base-uncased
Target Model: defult
JSON File: /usa/taikun/07_transencoder/attack-genai/eva_0506_090001_bert-base-uncased_defult_10_300_3.json
Attacking with the following parameters:
Attacker Name: bert-base-uncased
Target Model: defult
JSON File: /usa/taikun/07_transencoder/attack-genai/eva_0506_120001_bert-base-uncased_defult_10_100_3.json
Attacking with the following parameters:
Attacker Name: bert-base-uncased
Target Model: defult
JSON File: /usa/taikun/07_transencoder/attack-genai/eva_0506_120001_bert-base-uncased_defult_10_150_3.json
Attacking with the following parameters:
Attacker Name: bert-base-uncased
Target Model: defult
JSON File: /usa/taikun/07_transencoder/attack-genai/eva_0506_120001_bert-base-uncased_defult_10_200_3.json
Attacking with the following parameters:
Attacker Name: bert-base-uncased
Target Model: defult
JSON File: /usa/taikun/07_transencoder/attack-genai/eva_0506_120001_bert-base-uncased_defult_10_250_3.json
Attacking with the following parameters:
Attacker Name: bert-base-uncased
Target Model: defult
JSON File: /usa/taikun/07_transencoder/attack-genai/eva_0506_120001_bert-base-uncased_defult_10_300_3.json
Attacking with the following parameters:
Attacker Name: bert-base-uncased
Target Model: defult
JSON File: /usa/taikun/07_transencoder/attack-genai/eva_0506_150001_bert-base-uncased_defult_10_100_3.json
Attacking with the following parameters:
Attacker Name: bert-base-uncased
Target Model: defult
JSON File: /usa/taikun/07_transencoder/attack-genai/eva_0506_150001_bert-base-uncased_defult_10_150_3.json
Attacking with the following parameters:
Attacker Name: bert-base-uncased
Target Model: defult
JSON File: /usa/taikun/07_transencoder/attack-genai/eva_0506_150001_bert-base-uncased_defult_10_200_3.json
Attacking with the following parameters:
Attacker Name: bert-base-uncased
Target Model: defult
JSON File: /usa/taikun/07_transencoder/attack-genai/eva_0506_150001_bert-base-uncased_defult_10_250_3.json
Attacking with the following parameters:
Attacker Name: bert-base-uncased
Target Model: defult
JSON File: /usa/taikun/07_transencoder/attack-genai/eva_0506_150001_bert-base-uncased_defult_10_300_3.json
Attacking with the following parameters:
Attacker Name: bert-base-uncased
Target Model: defult
JSON File: /usa/taikun/07_transencoder/attack-genai/eva_0506_180001_bert-base-uncased_defult_10_100_3.json
Attacking with the following parameters:
Attacker Name: bert-base-uncased
Target Model: defult
JSON File: /usa/taikun/07_transencoder/attack-genai/eva_0506_180001_bert-base-uncased_defult_10_150_3.json
Attacking with the following parameters:
Attacker Name: bert-base-uncased
Target Model: defult
JSON File: /usa/taikun/07_transencoder/attack-genai/eva_0506_180001_bert-base-uncased_defult_10_200_3.json
Attacking with the following parameters:
Attacker Name: bert-base-uncased
Target Model: defult
JSON File: /usa/taikun/07_transencoder/attack-genai/eva_0506_180001_bert-base-uncased_defult_10_250_3.json
Attacking with the following parameters:
Attacker Name: bert-base-uncased
Target Model: defult
JSON File: /usa/taikun/07_transencoder/attack-genai/eva_0506_180001_bert-base-uncased_defult_10_300_3.json
Attacking with the following parameters:
Attacker Name: bert-base-uncased
Target Model: defult
JSON File: /usa/taikun/07_transencoder/attack-genai/eva_0506_210001_bert-base-uncased_defult_10_100_3.json
Attacking with the following parameters:
Attacker Name: bert-base-uncased
Target Model: defult
JSON File: /usa/taikun/07_transencoder/attack-genai/eva_0506_210001_bert-base-uncased_defult_10_150_3.json
Attacking with the following parameters:
Attacker Name: bert-base-uncased
Target Model: defult
JSON File: /usa/taikun/07_transencoder/attack-genai/eva_0506_210001_bert-base-uncased_defult_10_200_3.json
Attacking with the following parameters:
Attacker Name: bert-base-uncased
Target Model: defult
JSON File: /usa/taikun/07_transencoder/attack-genai/eva_0506_210001_bert-base-uncased_defult_10_250_3.json
Attacking with the following parameters:
Attacker Name: bert-base-uncased
Target Model: defult
JSON File: /usa/taikun/07_transencoder/attack-genai/eva_0506_210001_bert-base-uncased_defult_10_300_3.json
bash: /usa/taikun/07_transencoder/attack-genai/run_all_sh.sh: No such file or directory
bash: /usa/taikun/07_transencoder/attack-genai/run_all_sh.sh: No such file or directory
bash: /usa/taikun/07_transencoder/attack-genai/run_all_sh.sh: No such file or directory
bash: /usa/taikun/07_transencoder/attack-genai/run_all_sh.sh: No such file or directory
bash: /usa/taikun/07_transencoder/attack-genai/run_all_sh.sh: No such file or directory
bash: /usa/taikun/07_transencoder/attack-genai/run_all_sh.sh: No such file or directory
bash: /usa/taikun/07_transencoder/attack-genai/run_all_sh.sh: No such file or directory
bash: /usa/taikun/07_transencoder/attack-genai/run_all_sh.sh: No such file or directory
bash: /usa/taikun/07_transencoder/attack-genai/run_all_sh.sh: No such file or directory
bash: /usa/taikun/07_transencoder/attack-genai/run_all_sh.sh: No such file or directory
bash: /usa/taikun/07_transencoder/attack-genai/run_all_sh.sh: No such file or directory
bash: /usa/taikun/07_transencoder/attack-genai/run_all_sh.sh: No such file or directory
bash: /usa/taikun/07_transencoder/attack-genai/run_all_sh.sh: No such file or directory
